INFO:     Started server process [77398]
INFO:     Waiting for application startup.
ERROR:user_management_api:JWT_SECRET_KEY environment variable is required
ERROR:    Traceback (most recent call last):
  File "/Users/yaswanth.panthangi/Downloads/react-python-crud/backend/.venv/lib/python3.11/site-packages/starlette/routing.py", line 693, in lifespan
    async with self.lifespan_context(app) as maybe_state:
  File "/Library/Frameworks/Python.framework/Versions/3.11/lib/python3.11/contextlib.py", line 210, in __aenter__
    return await anext(self.gen)
           ^^^^^^^^^^^^^^^^^^^^^
  File "/Users/yaswanth.panthangi/Downloads/react-python-crud/backend/.venv/lib/python3.11/site-packages/fastapi/routing.py", line 133, in merged_lifespan
    async with original_context(app) as maybe_original_state:
  File "/Library/Frameworks/Python.framework/Versions/3.11/lib/python3.11/contextlib.py", line 210, in __aenter__
    return await anext(self.gen)
           ^^^^^^^^^^^^^^^^^^^^^
  File "/Users/yaswanth.panthangi/Downloads/react-python-crud/backend/.venv/lib/python3.11/site-packages/fastapi/routing.py", line 133, in merged_lifespan
    async with original_context(app) as maybe_original_state:
  File "/Library/Frameworks/Python.framework/Versions/3.11/lib/python3.11/contextlib.py", line 210, in __aenter__
    return await anext(self.gen)
           ^^^^^^^^^^^^^^^^^^^^^
  File "/Users/yaswanth.panthangi/Downloads/react-python-crud/backend/.venv/lib/python3.11/site-packages/fastapi/routing.py", line 133, in merged_lifespan
    async with original_context(app) as maybe_original_state:
  File "/Users/yaswanth.panthangi/Downloads/react-python-crud/backend/.venv/lib/python3.11/site-packages/starlette/routing.py", line 569, in __aenter__
    await self._router.startup()
  File "/Users/yaswanth.panthangi/Downloads/react-python-crud/backend/.venv/lib/python3.11/site-packages/starlette/routing.py", line 672, in startup
    handler()
  File "/Users/yaswanth.panthangi/Downloads/react-python-crud/backend/app/main.py", line 52, in on_startup
    raise RuntimeError("JWT_SECRET_KEY environment variable is required")
RuntimeError: JWT_SECRET_KEY environment variable is required

ERROR:    Application startup failed. Exiting.
